[샌드박스] 이번 실행의 홈: /var/folders/wg/_krzb0195x7fn3wz3pw50pzr0000gn/T/besir-gd-73CC4AB1-6E3A-49B8-83F0-5FF72B5CAA80
[샌드박스] 이번 실행의 지원 디렉터리: /var/folders/wg/_krzb0195x7fn3wz3pw50pzr0000gn/T/besir-gd-73CC4AB1-6E3A-49B8-83F0-5FF72B5CAA80/Library/Application Support/besir
[실제 데이터] 시작 상태 3개 파일 — /Users/iseongmin/Library/Application Support/besir
  ✓ 불변식: 머리말 뒤에도 캘린더 푸시는 꺼져 있고 프록시 설정은 비어 있다
  ✓ 불변식: 머리말 뒤에도 구글 캘린더 게이트는 닫혀 있다
  ✓ 불변식: 머리말 뒤에도 googleEventId를 가진 레코드가 없다

A. 현재 여유 10분인 시리즈에 buffer 0이 올 때
  ✓ 되묻는다
  ✓ 복원 탈출구로 현재값 10을 준다
  ✓ 복원 절이 confirm 절보다 먼저 온다

B. 앱이 묻기 전에 온 confirm_zero
  ✓ 첫 호출의 자가 confirm은 막힌다
  ✓ 되물은 뒤 같은 조합의 confirm은 통과한다
  ✓ 다른 조합의 confirm은 통과하지 않는다
  ✓ 숫자 1로 온 confirm은 미확인 처리(fail-closed)

C. 현재 여유가 이미 0인 시리즈 (F1이 났던 자리)
  ✓ 되묻는다
  ✓ 복원 지시를 주지 않는다(자기참조 없음)
  ✓ 0 언급은 confirm과 한 절로 묶여 있다
  ✓ 유일한 탈출구가 confirm_zero다
  ✓ 그 confirm으로 한 번에 통과한다(루프 종결)

D. 혼합: 여유 0(이미) + 알림 30(복원 대상)
  ✓ 되묻는다
  ✓ 여유 쪽은 복원 지시를 안 준다
  ✓ 알림 쪽은 복원값 30을 준다
  ✓ 조합이 달라진 (0,30,confirm)은 한 번 되묻힌다
  ✓ 그 다음 같은 호출은 통과한다(2회 수렴)

E. 시리즈가 없는 recurrenceId
  ✓ 되묻지 않고 통과시킨다(하류 0건 가드가 안내)

F. 번호 배정 — 한 recurrenceId에 한 번호
  ✓ 두 이동 다리가 같은 [반복 1]
  ✓ 활동 줄도 같은 (활동/반복 1)
  ✓ 안내문이 붙는다
  ✓ 재호출해도 같은 번호(멱등)
  ✓ 새 그룹은 2번을 받는다(재사용 없음)
  ✓ 기존 그룹은 1번 유지

G. 미등록 / 음수 series_number
  ✓ 못 찾았다고 되묻는다
  ✓ list_schedules 재호출을 가리킨다
  ✓ 아무것도 쓰지 않는다
  ✓ 음수도 같은 갈래로 잡힌다

H. series_number 0·부재 폴백 (G1 메커니즘)
  ✓ 번호 0이면 lastRecurrenceId(Y)가 대상이 된다
  ✓ 번호를 준 적 있는 X는 건드리지 않는다
  ✓ lastRecurrenceId가 없으면 안내로 끝난다

I. series_number 유지 안내가 붙는 범위
  ✓ 번호 경유 되묻기엔 유지 안내가 붙는다
  ✓ 번호 없는 되묻기엔 안 붙는다

L. G1: 수정 결과에 대상 신원
  ✓ [G1] 어느 그룹을 고쳤는지 제목으로 말한다
  ✓ 건수도 계속 말한다

J. G2: 이동 구간이 지워지고 활동만 남은 그룹
  ✓ [G2] 번호를 붙이지 않는다
  ✓ [G2] 줄은 여전히 보이되 이유를 말한다
  ✓ [G2] 인용할 번호가 없으니 안내문도 안 붙는다
  ✓ [G2] 그 번호는 미등록으로 되묻힌다
  ✓ 활동은 그대로다(쓰기 없음)

K. G3: 20줄 캡 밖으로 밀린 반복 줄
  ✓ 본문에 [반복 이 하나도 없다
  ✓ [G3] 인용할 번호가 없으니 안내문도 안 붙는다

M. recurringArgumentIssue — 주기 인자
  ✓ nth 범위 밖(7)은 되돌린다
  ✓ nth 0은 '없음'으로 읽힌다(불필요한 되묻기 없음)
  ✓ nth -1(마지막 주)은 범위 밖으로 거부되지 않는다
  ✓ 요일 3개+매월 주기의 충돌을 되묻는다
  ✓ -1은 '매월 마지막 주'로 읽는다
  ✓ 되물은 뒤 같은 조합의 confirm_recurrence는 통과한다
  ✓ 묻기 전에 스스로 붙인 confirm_recurrence는 막힌다

N. divergent 시리즈 — 전 회차 확인 + 버퍼 하한
  ✓ 첫 회차가 0이어도 '이미 0'이라 말하지 않는다
  ✓ 실제 편차(0~10분)를 말한다
  ✓ 확인하면 전부 0으로 통일된다고 말한다
  ✓ 같은 조합의 confirm_zero로 한 번에 통과한다
  ✓ 알림 쪽도 편차를 말한다
  ✓ 전 회차가 0이면 '이미 0' 갈래로 간다(다중 회차)
  ✓ 음수 buffer_minutes는 0으로 묶인다(-5 저장 아님)

O. clampBuffer·clampNotifyLead — 생성 경로의 저장값
  ✓ create_schedule 음수 buffer(-5)는 0으로 저장된다
  ✓ create_schedule 음수 notify(-10)는 0으로 저장된다
  ✓ 반복은 2회차 이상 만들어진다(전 회차 검증의 전제)
  ✓ create_recurring 음수 buffer는 전 회차 0으로 저장된다
  ✓ create_recurring 음수 notify는 전 회차 0으로 저장된다
  ✓ buffer 9999는 상한 180으로 묶인다
  ✓ notify 1440은 묶이지 않고 그대로 저장된다(상한 없음은 의도)
  ✓ 출발 기준 create_schedule은 buffer 30을 보내도 0으로 저장한다

P. 카드 — 부재 인자 나열·확인 시 정확히 1회 실행 (REQ-020)
  ✓ (a) 부재 4개면 카드 행도 4개
  ✓ (a) 행의 인자가 부재 집합과 정확히 일치
  ✓ (a) 출발 기준은 buffer 행을 만들지 않는다(부재 2 → 행 2)
  ✓ (b) 발화 명시 값(mode·buffer·notify)의 행은 빠진다
  ✓ (b) 조용히 정해진 값은 카드에 적혀 보인다(줄이 사라진 자리를 사용자가 보게)
  ✓ (c) 빈 부재 집합 → 카드 없음
  ✓ (c) 카드 없이 툴이 직접 실행된다
  ✓ (d) 이 호출의 부재는 mode·notify 2개
  ✓ (d) 확인 시 이벤트가 1건 생긴다
  ✓ (d) 수집한 이동수단이 실린다
  ✓ (d) 수집한 알림이 실린다
  ✓ (d) 말해 둔 buffer(15분)는 그대로 실린다
  ✓ (d) 두 번째 확인은 아무것도 실행하지 않는다(정확히 1회)
  ✓ (e) 툴은 9개다(remember_fact·forget_fact 제거)
  ✓ (e) remember_fact·forget_fact는 선언에 없다
  ✓ (e) create_schedule에 되묻기 인자 선언이 없다
  ✓ (e) create_recurring_schedule에 되묻기 인자 선언이 없다
  ✓ (e) create_activity에 되묻기 인자 선언이 없다
  ✓ (e) 갱신 도구의 buffer·notify·confirm_zero 선언은 유지된다(확장 금지)

Q. 매번 물음 — 툴 실행 뒤엔 다시 묻는다 (REQ-040·041, 결함 B)
  ✓ 말한 값이 채워진 요청은 mode·buffer를 안 묻는다
  ✓ 값 없는 발화이 끼어도 말해 둔 값은 유지된다(병합)
  ✓ 다시 말한 값은 같은 키만 덮어쓴다(자동차→대중교통, 여유 20 유지)
  ✓ 카드는 접힌다(다른 발화로 무효)
  ✓ 카드를 접혔어도 값은 유지된다(취소는 지우지 않는다)
  ✓ 툴이 실행된 뒤의 요청은 다시 묻는다(요청 사이 기억 없음)
  ✓ 새 대화를 시작하면 다시 묻는다(대화 밖 유출 없음)
  ✓ Config에 preferred* 선호 필드가 없다
  ✓ 보류 카드는 저장되지 않는다(텍스트 말풍선만 남는다)
  ✓ 저장 본문에 묻는 상태 키가 없다

R. 왕복 의도 + 가는 출발지 부재 — 묻고, 편도 탈출이 있다 (결함 A)
  ✓ 가는 출발지 줄이 나온다
  ✓ 출발지 줄에 '가는 편 없음' 탈출 칩이 있다(내부 토큰)
  ✓ 출발지 줄은 originField와 같은 재료다(즐겨찾기·현재 위치·직접입력)
  ✓ 가는 편·오는 편·여유 줄도 같은 카드에 있다
  ✓ 왕복으로 만들어진다(다리 2개)
  ✓ 가는 다리에 고른 여유(20분)가 실린다
  ✓ 오는 다리는 출발 기준이라 여유가 0이다(기존 규칙 유지)
  ✓ 가는 편=대중교통·오는 편=자동차가 각각 실린다
  ✓ 편도로 만들어진다(오는 다리만 1개)
  ✓ 그 다리는 오는 편(복귀)이고 고른 수단(도보)이다
  ✓ 요약에 생기지 않은 가는 편을 말하지 않는다
  ✓ travel_from_query 선언이 왕복 의무를 말한다(return_to_query와 대칭)

S. 묻지 않은 on_conflict — 겹침 검사는 항상 돈다 (결함 C)
  ✓ S 전제 — 이 환경에서 이동시간 조회가 된다
  ✓ C1: 묻지 않은 ignore는 무시되고 겹침 안내가 나온다
  ✓ C1: 등록은 일어나지 않는다
  ✓ C2: 물은 뒤의 ignore는 통과해 정확히 1건 등록된다
  ✓ C3: 묻지 않은 late_arrival도 무시되고 겹침 안내가 나온다
  ✓ C3: 물은 뒤의 late_arrival은 출발 기준으로 바꿔 등록된다
  ✓ C3: 출발 시각은 겹침이 끝난 10:00에 맞춰진다

T. 선언 밖 모델 인자 — 버리고 카드가 묻는다 (결함 D)
  ✓ D1: 카드가 나온다(출발지·수단·여유·알림·기간 5줄)
  ✓ D1: 모델이 실은 값은 카드가 붙잡은 호출에 없다
  ✓ D2: create_schedule도 수단·여유·알림을 다시 묻는다
  ✓ D2: create_activity도 가는 편·오는 편·여유·알림을 다시 묻는다
  ✓ D2: 값이 차 있어도 뜬 가는 편 줄에 탈출 칩과 '왜 다시 묻는지' 캡션이 있다
  ✓ D2: 활동 쪽 모델 값 다섯도 정화된다
  ✓ 모델값과 말한 값이 부딪히면 말한 값이 살아남는다(정화 → 발화 주입 순서)
  ✓ D3: 갱신 도구는 mode·buffer·notify·confirm_zero를 계속 받는다
  ✓ D3: update_recurring_schedule의 buffer 20은 그대로 저장된다
  ✓ D4: create_activity 화이트리스트에 되묻기 인자가 없다(선언=SSOT)
  ✓ D4: create_recurring_schedule 화이트리스트에 되묻기 인자가 없다(선언=SSOT)
  ✓ D4: create_schedule 화이트리스트에 되묻기 인자가 없다(선언=SSOT)

U. E·F 프롬프트 규칙 — 문자열 존재만 확인 (행동 검증 아님)
  ✓ E: 출발지 규칙이 '지어내서 채우면 안 된다'와 결과를 적시한다(문자열 존재)
  ✓ F: 기억 요청에 '미래 약속 금지'와 매번 물음 이유가 있다(문자열 존재)

V. 카드 확장 — 제목·목적지·시각 줄 (①)
  ✓ ①-1: 제목·목적지·시각이 비면 카드가 7줄로 뜬다
  ✓ ①-1: 아무것도 고르지 않으면 확인이 불가하다
  ✓ ①-1: 시각 외 여섯을 다 골라도 확인은 불가하다(기준·시각 모두 필수)
  ✓ ①-2: 기준+시각 확정으로 확인 가능해진다(chooseTime)
  ✓ ①-2: arrival_iso만 실린다(departure_iso는 없음)
  ✓ ①-2: 확정 시각 그대로 1회 실행된다
  ✓ ①-3: 출발 기준+여유를 골라도 확인 가능하다(여유 chosen 유지 — 교착 없음)
  ✓ ①-3: departure_iso만 실리고 arrival_iso는 없다
  ✓ ①-3: 출발 기준에는 buffer_minutes가 실리지 않는다
  ✓ ①-3: 출발 기준 이벤트로 등록된다(anchor=departure, buffer 0)
  ✓ ①-4: create_schedule required에 title·destination_query가 없다
  ✓ 모델이 채워온 제목·목적지는 카드에 보인다
  ✓ 프롬프트가 목적지·제목 지어내기 금지를 적시한다(문자열 존재 — 행동 검증 아님)

W. 빈 문자열 시각·비상한 종료일 상한 (2026-09-16 코드 검사)
  ✓ W1: arrival_iso가 빈 문자열이면 시각 줄이 뜬다(nil이 아니어도 '비었다')
  ✓ W2: 종료일이 비상하게 길어도 점은 상한(366일) 안에서 끝난다
  ✓ W3: 366일을 넘는 활동은 만들어지지 않고 사용자 확인을 요청한다
  ✓ W3: 정상 길이(자정 넘김 하룻밤) 활동은 그대로 만들어진다
  ✓ W3: 만들어진 자정 넘김 활동의 점은 이틀에 켜진다(생성 경로 종단)

X. 자정 겹침 판정 — 나열과 점이 같은 날을 본다 (결함 G·G-2)
  ✓ X1: 자정 넘김(22:00→익일 04:00)은 두 날 모두와 겹친다
  ✓ X1: 그 앞·뒤 날과는 겹치지 않는다(과잉 나열이 이웃 날을 오염한다)
  ✓ X2: 자정을 두 번 넘는 구간(10일 22:00→12일 02:00)은 세 날 모두와 겹친다
  ✓ X3: 정확히 0시에 끝나는 구간은 다음 날과 겹치지 않는다
  ✓ X3: 정확히 0시에 시작하는 구간은 전날과 겹치지 않는다
  ✓ X4: end ≤ start인 깨진 구간은 어느 날과도 겹치지 않는다
  ✓ X5: dayKeys 열거 = overlapsDay 판정(두 번 넘는 구간에서 같은 집합)
  ✓ X5: 0시 경계 구간도 열거·판정이 같다(키는 하루뿐)
  ✓ X6: 자정 넘는 이동(22:00 출발→익일 04:00 도착)도 두 날 모두 점이 켜진다
  ✓ X6: 출발시각이 없는(계산 실패) 이동은 도착일에만 점이 켜진다

J. 등록 요약 — 같은 이름의 늦은 회차가 있어도 방금 만든 것을 말한다 (결함 J)
  ✓ J: 등록이 성공하고 이동시간도 계산됐다(전제 — 빨개지면 환경 변화 신호)
  ✓ J: 요약의 도착 시각은 방금 만든 회차(수요일 15:00)의 것이다
  ✓ J: 늦은 회차(금요일 17시·18시)의 시각은 요약에 없다

Y. 일반명사 장소 해석·이동 실패 가시화 (K·M)
  ✓ K: 즐겨찾기 없는 일반명사('회사')는 검색으로 해석되지 않고 즐겨찾기 안내로 돌아간다
  ✓ K: 일정은 만들어지지 않는다(118건 사고의 재현이 막힌다)
  ✓ K: 반복 생성에서도 같게 막힌다(실측 사고는 이 자리였다)
  ✓ K: 즐겨찾기에 있으면 일반명사도 그 장소로 등록된다
  ✓ K: 진짜 장소명(강남역·홍대입구역 등)은 게이트 목록에 없다
  ✓ M: 해석 실패한 이동·장소가 요약에 드러난다(조용히 넘어가지 않는다)
  ✓ M: 활동 자체는 등록된다(이동 0건 — 성공인 척하지 않되 등록도 안 막는다)
  ✓ M: 명시적 '가는 편 없음'은 실패로 세지 않는다(실패는 가는 편 출발지 '회사'만)
  ✓ L: '빈 인자로 호출·말로 되묻지 마라' 지시가 프롬프트에 있다(문자열 존재)

N. 캘린더 업로드 가드와 상태 기록
  ✓ N: clientID가 비면 googleConnected는 거짓
  ✓ N: 미연결이면 일정에 업로드 흔적이 없다(pending·failed·gid 전부 없음)
  ✓ N: 미연결이면 활동에도 업로드 흔적이 없다
  ✓ N: gid가 이미 있으면 pending으로 표시하지 않는다
  ✓ N: 일정의 pending이 JSON 왕복을 견딘다
  ✓ N: 활동의 failed가 JSON 왕복을 견딘다
  ✓ N: calendarUpload 키가 없는 옛 일정 JSON이 그대로 디코딩된다(nil)
  ✓ N: calendarUpload 키가 없는 옛 활동 JSON이 그대로 디코딩된다(nil)
  ✓ 불변식: N절 뒤에도 캘린더 푸시는 꺼져 있고 프록시 설정은 비어 있다
  ✓ 불변식: N절 뒤에도 구글 캘린더 게이트는 닫혀 있다
  ✓ 불변식: N절 뒤에도 googleEventId를 가진 레코드가 없다

Z. 앱이 못 푸는 장소는 카드가 묻는다 (결함 O)
  ✓ O-1: 즐겨찾기 없는 '회사'는 실행 거부가 아니라 목적지 줄로 뜬다
  ✓ O-1: 그 줄은 왜 떴는지 사용자의 낱말로 적는다(빈 값을 묻는 줄과 구분된다)
  ✓ O-1: 칩으로 즐겨찾기를 고를 수 있고 직접입력도 열려 있다(대화를 떠날 필요가 없다)
  ✓ O-1: 묻고 있는 값을 '말씀하신 대로'에 같이 적지 않는다(한 카드가 두 말 하지 않기)
  ✓ O-2: 줄을 다 고르면 확인이 열린다
  ✓ O-2: 고른 장소로 정확히 1건 등록된다(검색 첫 결과가 아니다)
  ✓ O-3: 즐겨찾기가 있는 일반명사는 목적지 줄이 생기지 않는다
  ✓ O-4: 진짜 장소명(강남역)은 목적지 줄이 생기지 않는다
  ✓ O-5: 카드를 지나지 않은 호출은 실행부가 그대로 막는다(가드 유지)
  ✓ O-6: 못 푸는 장소의 이동 없는 활동은 장소 줄과 출발지 줄이 함께 뜬다(머무는 요청)
  ✓ O-6: 세 질의가 각각 자기 줄로 뜨고, 활동 카드의 최악은 일곱 줄이다
  ✓ O-6: 사용자가 말한 가는 편 출발지에는 '가는 편 없음' 탈출 칩을 붙이지 않는다
  ✓ O-6: 모델이 비워 보낸 가는 편 출발지에는 탈출 칩이 그대로 있다(A절 회귀 방지)
  ✓ O-7: 직접입력에 '회사'를 다시 적으면 받지 않는다
  ✓ O-7: 거절된 자리에 이유가 붙는다('그 값은 쓸 수 없어요'만 남지 않는다)
  ✓ O-7: 진짜 장소명은 직접입력으로 받는다(막다른 골목이 아니다)
  ✓ O-8: 반복 일정의 못 푸는 목적지도 줄로 뜬다(118건 사고가 난 도구)

P. 장소 줄 검색 — 고른 후보의 좌표가 실행부까지 간다 (결함 P)
  ✓ P-1: 인자에는 **이름만** 실린다(내부 토큰이 모델·요약으로 새지 않는다)
  ✓ P-1: 실행부가 이름을 다시 검색하지 않고 **고른 좌표 그대로** 등록한다
  ✓ P-2: 고르기 전에는 자유 텍스트 '사무실'을 받지 않는다(O의 거절 유지)
  ✓ P-2: 후보로 고른 뒤에는 같은 이름도 받아들인다(좌표가 생겼으므로)
  ✓ P-2: 고른 뒤에는 카드가 그 값을 다시 묻지 않는다
  ✓ P-3: 확정 장소와 즐겨찾기 이름이 겹치면 즐겨찾기가 이긴다(출발지=목적지로 막힌다)
  ✓ P-4: 부르는 즉시 '찾는 중'이 되고 확인 버튼은 그대로 잠겨 있다(카드를 막지 않는다)
  ✓ P-4: 0건이면 '찾지 못함'이 줄에 남는다 — 조용히 넘어가지 않는다 〔MapKit 단독 — 네트워크 의존〕
  ✓ P-5: 같은 질의는 다시 부르지 않는다(상태가 '찾는 중'으로 돌아가지 않는다)
  ✓ P-5: 입력을 비우면 상태도 비워진다(옛 결과가 남지 않는다)
  ✓ P-6: 카드가 사라진 뒤 돌아온 결과는 새 카드에 앉지 않는다(조용히 버려진다)
  ✓ P-7: 미연결이면 캘린더 문구를 붙이지 않는다
  ✓ P-7: pending이면 '아직 안 올라갔다'고 말한다(올라간 것처럼 읽히지 않는다)
  ✓ X2-1: 250+10 두 페이지가 순서 그대로 260건이 된다
  ✓ X2-4: 페이지 토큰은 nil → p2 순서로만 흐른다
  ✓ X2-2: nextPageToken이 없으면 정확히 한 번만 부른다
  ✓ X2-3: items 없는 응답은 빈 결과다(정말 빈 캘린더)
  ✓ X2-5: fetchPage가 던지면 collectPages 밖으로 그대로 나온다

AA. t16 — 같은 이름 줄·채택 판정·머무는 반복·애매 후보 되묻기 (U-4·AC-009 7·9)
  ✓ AA-1: '스타벅스 홍대점'→'스타벅스 대학로점'은 맞지 않는다(물어본다)
  ✓ AA-1: '강남'→'서울선릉과정릉'(선릉로 주소)은 맞지 않는다(2026-09-24 관측)
  ✓ AA-1: '강남'→'서울선릉과정릉'(삼성동 주소)도 맞지 않는다(주소는 안 본다)
  ✓ AA-1: '스타벅스 홍대점'→'스타벅스 홍대입구역점'은 같은 지점으로 본다
  ✓ AA-1: '홍대역'→'홍대입구역'도 같은 지점으로 본다(접미어 '역'은 뗀다)
  ✓ AA-1: 주소로만 말한 질의('테헤란로 152')는 물어본다(이름만 본다)
  ✓ AA-2: 같은 이름이면 목적지·출발지 줄이 함께 뜬다
  ✓ AA-2: 두 줄 모두 '왜 떴는지' 캡션을 단다(값이 차 있는 줄이다)
  ✓ AA-2: 즐겨찾기끼리는 같은 이름 줄을 띄우지 않는다
  ✓ AA-3: 활동 장소·가는 편·오는 편 줄이 셋 다 뜬다
  ✓ AA-3: 같은 이름으로 뜬 가는 편 줄에도 탈출 칩이 살아 있다
  ✓ AA-4: 다른 장소 반복은 수단·여유·알림을 묻는다(회귀 방지)
  ✓ AA-5: 활동 블록만 만들어지고 이동 구간은 0건이다
  ✓ AA-5: 요약이 '이동 구간은 만들지 않았다'고 말한다
  ✓ AA-5: 블록에 반복 그룹이 묶여 있다(일괄 삭제 통로)
  ✓ AA-5: 끝 시각이 없으면 만들지 않고 return_time을 요구한다
  ✓ AA-6: 모델에게 '아직 등록하지 않았다'고 돌아간다
  ✓ AA-6: 보류 카드가 열리고 후보가 줄에 얹혀 있다
  ✓ AA-6: 모호한 질의만 보류 인자에서 비운다(나머지는 그대로)
  ✓ AA-6: 카드가 제목을 '말씀하신 대로'에 남긴다(runLoop 카드와 같은 문장)
  ✓ AA-6: 카드가 열려 있으면 두 번째 호출은 카드를 더 열지 않는다
  ✓ AA-7: 고른 후보(홍대)로 등록된다 — 첫 결과(대학로)가 아니다
  ✓ AA-8: 단발 집→집은 isSamePlace 거절이 살아 있다

AB. t16 M1 — 가설 재현(REQ-001): 단언은 바라는 동작, 후보 트리에서 실패로 찍히면 재현이다
  ✓ AB-H01 create_schedule origin_query
  ✓ AB-H01 create_schedule destination_query
  ✓ AB-H01 create_recurring_schedule origin_query
  ✓ AB-H01 create_recurring_schedule destination_query
  ✓ AB-H01 create_activity place_query
  ✓ AB-H01 create_activity travel_from_query 왕복
  ✓ AB-H01 create_activity travel_from_query 편도
  ✓ AB-H01 create_activity return_to_query
  ✓ AB-H01 한 호출 두 키 동시 모호
  ✓ AB-H01 머무는 반복 목적지 모호('이동 없음' 뒤)
  ✓ AB-H02 두 번째 모호 호출 안내가 자동 진행을 말하지 않는다
  ✓ AB-H02 두 번째 모호 호출이 미등록·카드 뒤 재호출 안내를 받는다
  ✓ AB-H02 후보 카드는 한 장이다
  ✓ AB-H03 [경로 제거] 실행부 직접 주행에서만 두 건이 된다
  ✓ AB-H04 '강남'→선릉과정릉(선릉로 주소)은 맞지 않는다
  ✓ AB-H04 '강남'→선릉과정릉(삼성동 주소)도 맞지 않는다
  ✓ AB-REQ008 같은 즐겨찾기 이름(집/집)에는 같은 이름 줄이 서지 않는다
  ✓ AB-REQ008 이번 대화에서 확정된 장소 이름에는 같은 이름 줄이 서지 않는다
  ✓ AB-REQ008 반복의 같은 검색어는 같은 이름 줄이 아니라 머무는 출발지 줄이 선다
  ✓ AB-REQ008 한 번짜리 같은 검색어는 그 값을 적은 출발지 줄 캡션이 선다
  ✓ AB-H05 후보 줄이 첫 렌더에 열려 있다
  ✓ AB-H06 활동 후보 카드 맥락 줄에 제목이 있다
  ✓ AB-H06 반복 후보 카드 맥락 줄에 제목이 있다
  ✓ AB-H06 일정 후보 카드 맥락 줄에 제목이 있다
  ✓ AB-H06 일정 실행 전 카드 맥락 줄에 제목이 있다
  ✓ AB-H06 활동 실행 전 카드 맥락 줄에 제목과 묻지 않는 장소가 있다
  ✓ AB-H06 반복 실행 전 카드 맥락 줄에 제목과 묻지 않는 장소가 있다
  ✓ AB-H07 왕복 가는 편 줄 캡션이 채워 온 값(집)을 적는다
  ✓ AB-H07 왕복 가는 편 줄은 선택된 채 시작하지 않는다
  ✓ AB-H07 왕복 가는 편 줄에 '가는 편 없음' 칩이 있다
  ✓ AB-H08 거짓 '이미 삭제' 문구가 없다
  ✓ AB-H08 바꿀 이동 구간이 없다고 사실을 말한다
  ✓ AB-H08 활동 블록 수가 그대로다
  ✓ AB-H09 [수용] weeks 없는 재호출에도 '반복 기간' 줄이 다시 선다
  ✓ AB-H10 머무는 반복 결과가 버린 점심 인자를 말한다
  ✓ AB-H11 머무는 반복 카드가 출발지 줄을 띄운다
  ✓ AB-H11 반복 출발지 줄에 '이동 없음' 선택지가 있다
  ✓ AB-H11 반복 출발지 줄 캡션이 모델 값(집)을 적는다
  ✓ AB-H11 반복 카드는 수단·여유·알림을 묻지 않는다
  ✓ AB-H11 이동 없는 한 번짜리 활동이 출발지 줄을 띄운다
  ✓ AB-H11 한 번짜리 출발지 줄에 '이동 없음' 선택지가 있다
  ✓ AB-H11 같은 값(집) 한 번짜리가 출발지 줄을 띄운다
  ✓ AB-H11 같은 값 출발지 줄 캡션이 모델 값(집)을 적는다
  ✓ AB-H11 같은 값 출발지 줄에 '이동 없음' 선택지가 있다
  ✓ AB-H11 못 푸는 장소 활동은 장소 줄+출발지 줄이 함께 선다
  ✓ AB-H11 못 푸는 장소 출발지 줄에 '이동 없음' 선택지가 있다
  ✓ AB-REQ010 '이동 없음' 확인 — 활동 블록만 생기고 그룹이 묶인다
  ✓ AB-REQ010 다른 출발지 — 수단·여유·알림 없이는 0건, 두 번째 카드로 막는다
  ✓ AB-REQ010 다른 출발지 — 셋을 갖추면 통근 경로로 등록된다(가는·오는·활동)
  ✓ AB-REQ010 재호출이 return_time을 빠뜨리면 가는 구간만 생긴다(특성화)
  ✓ AB-REQ010 한 번짜리 '이동 없음' — 활동 1건·이동 0건
  ✓ AB-REQ010 한 번짜리 다른 출발지 — 수단·여유·알림 없이는 0건, 두 번째 카드로 막는다
  ✓ AB-REQ010 한 번짜리 다른 출발지 — 셋을 갖추면 편도로 등록된다(가는 1·오는 0, B-1)
  ✓ AB-REQ010 끝 시각 없는 머무는 반복 — 카드 없이 사용자에게 물어받으라고 지시한다
  ✓ AB-REQ010 끝 시각 없는 머무는 한 번짜리 — 카드 없이 사용자에게 물어받으라고 지시한다

AC. t16 sync 1차 수리 — D1~D5 회귀 방지선(REQ-010)
  ✓ AC-D1 후보 카드 맥락 줄에 '현재 위치' 토큰이 찍히지 않는다
  ✓ AC-D1 '가는 편 없음' 토큰도 찍히지 않는다
  ✓ AC-D2 머무는 카드는 출발지 줄만 묻는다
  ✓ AC-D2 같은 이름 선택 — 활동만 등록되고 거짓 실패 문구가 없다
  ✓ AC-D3 좌표가 같은 다른 이름 선택 — 활동만 등록된다
  ✓ AC-D3 현재 위치 선택(좌표 주입) — 활동만 등록된다
  ✓ AC-D3 반복 머무는 카드는 수단·여유·알림을 묻지 않는다
  ✓ AC-D3 반복 '우리집' 선택 — 활동 블록만 만든다
  ✓ AC-D4 A는 고른 장소로, B는 장소 없이 등록된다
  ✓ AC-D4 두 호출 머무는 카드는 출발지 줄 하나다
  ✓ AC-D4 카드가 없었으면 등록됐을 호출(B)이 거절되지 않는다
  ✓ AC-D5 모델이 보낸 '우리집'→'집' 편도 — 좌표가 같아도 가는 이동 1건이 유지된다
  ✓ AC-R1 모델이 보낸 토큰 값은 정화돼 사라진다
  ✓ AC-R1 사라진 자리는 부재로 다시 묻는다(staying 출발지 줄)

AD. t16 sync 2차 수리 — E1~E7 회귀 방지선(REQ-010·REQ-014)
  ✓ AD-E1 첫 확인은 주기 확인을 위해 재호출을 지시한다(등록 없음)
  ✓ AD-E1 재호출 에코의 '이동 없음'은 목적지 값으로 되돌아가 머무는 요청이 산다
  ✓ AD-E1 재호출 카드는 수단·여유·알림을 묻지 않는다(출발지 확인·weeks만)
  ✓ AD-E1 재호출 확인까지 가면 머무는 등록이 완주한다
  ✓ AD-E3 장소 줄과 출발지 줄이 함께 선다
  ✓ AD-E3 장소 줄에서 고른 '집'이 앵커가 돼 '우리집'도 활동만으로 등록된다
  ✓ AD-E4 두 줄 '집' — 활동만 등록되고 '찾지 못해'가 없다
  ✓ AD-E4 모델이 같은 값을 직접 보내도(집→집) 폴백 교체는 실패 집계에 안 섞인다
  ✓ AD-E5 앵커가 즐겨찾기가 아니어도 출발지 줄이 선다(머무는 카드)
  ✓ AD-E5 두 좌표를 아는 선택(확정 사전 앵커) — 50 m로 활동만 만든다
  ✓ AD-E5b 앵커 좌표를 모르는 선택 — 거절 대신 두 번째 카드가 열린다(0.1.8 (나)+J-1)
  ✓ AD-E2 await 사이 새 대화 — 등록이 새 대화에 실리지 않는다
  ✓ AD-E6 '현재 위치' — 실패는 표시 문구로 알리고 토큰은 새지 않는다
  ✓ AD-E7 편도 카드는 수단·여유·알림 줄을 묻는다(출발지 줄 없음)
  ✓ AD-E7 카드 확인 경로의 '우리집' 편도 — 가는 이동 1건이 유지된다

AE. t16 sync 5차 수리 — 하네스 21 시나리오 단언화(REQ-010 0.1.8·AC-008 (10)(13))
  ✓ AE-S-1a 후보 카드 stated에 '현재 위치' 토큰이 없다
  ✓ AE-S-1b '가는 편 없음' 토큰도 stated에 없다
  ✓ AE-S-2 같은 이름 선택 — 활동만 등록되고 '찾지 못해'가 없다
  ✓ AE-S-3a 먼 현재 위치 — 두 번째 카드가 수단·여유·알림을 묻는다
  ✓ AE-S-3a 보류 출발지는 '현재 위치' 토큰 그대로다(토큰은 모델을 거치지 않는다)
  ✓ AE-S-3a 두 번째 확인 — 활동 1·가는 이동 1로 완주한다
  ✓ AE-S-3c 먼 현재 위치 — 두 번째 카드가 수단·여유·알림을 묻는다
  ✓ AE-S-3c 보류 출발지는 '현재 위치' 토큰 그대로다(토큰은 모델을 거치지 않는다)
  ✓ AE-S-3c 두 번째 확인 — 활동 1·가는 이동 1로 완주한다
  ✓ AE-S-3a+ 같은 좌표 현재 위치 — 활동만 만든다
  ✓ AE-S-3b 같은 좌표 다른 이름 — 활동만 만든다
  ✓ AE-S-3e 검색 확정 같은 지점 — 활동만 만든다
  ✓ AE-S-3r 반복 현재 위치(같은 좌표) — 활동 블록만 만든다
  ✓ AE-S-4 A는 고른 장소로, B는 장소 없이 등록된다
  ✓ AE-S-4v 카드가 없었으면 등록됐을 호출(B)이 거절되지 않는다
  ✓ AE-B-1 재호출 에코의 출발지는 목적지 값으로 되돌아간다(머무는 요청이 산다)
  ✓ AE-B-2 장소 줄에서 고른 '집'이 앵커 — 활동만 등록되고 '찾지 못해'가 없다
  ✓ AE-B-3 장소 줄에서 고른 '집'이 앵커 — 활동만 등록되고 '찾지 못해'가 없다
  ✓ AE-C-1 앵커를 모르는 선택 — 거절 대신 두 번째 카드가 열린다(앞단계)
  ✓ AE-C-1 보류 출발지는 '현재 위치' 토큰 그대로다(토큰은 모델을 거치지 않는다)
  ✓ AE-C-1 두 번째 확인 — 활동 1·가는 이동 1로 완주한다(등록까지 간다)
  ✓ AE-C-1 아웃바운드 히스토리 에코 — 고른 토큰이 다음 요청 인자에 실린다
  ✓ AE-C-1r 반복 50 m 밖 현재 위치 — 두 번째 카드가 통근 줄을 묻는다
  ✓ AE-C-1r 두 번째 확인 — 통근 이동이 생긴다(머무는 반복으로 굳지 않는다)
  ✓ AE-C-2 await 사이 새 대화 — 등록이 새 대화에 실리지 않는다
  ✓ AE-C-3 '현재 위치' — 실패는 표시 문구로 알리고 토큰은 새지 않는다
  ✓ AE-R3-c '현재 위치' — 실패는 표시 문구로 알리고 토큰은 새지 않는다
  ✓ AE-R3-a 선언 키만 에코의 출발지는 목적지 값으로 되돌아간다
  ✓ AE-R3-a weeks 섞임 에코의 출발지는 목적지 값으로 되돌아간다
  ✓ AE-R3-b 한 번짜리 50 m 밖 직행 — 수단을 물어받고 등록은 0건이다
  ✓ AE-R3-b 반복 50 m 밖 직행 — 수단을 물어받고 등록은 0건이다
  ✓ AE-R3-d 왕복 후보 카드 가는 편 캡션 — 토큰이 아니라 '현재 위치'가 보인다

AF. t17-a A1 — 재현·특성화(SPEC-UIKIT-009 MA, REQ-020)
  ✓ AF-004-04 종료 ≤ 시작인 newEnd 시도 뒤 endDate가 그대로다
  ✓ AF-004-05 그 시도 뒤 두 구간 레코드가 저장 전과 바이트 동일하다(재정렬 없음)
  ✓ AF-004-06 (b′) 유효한 newEnd에서는 오는 편 출발이 새 종료에 재정렬된다
  ✓ AF-004-01 장소 지우기(clearPlace) 저장 뒤 location == nil이다
  ✓ AF-004-02 그 저장 뒤 이 활동에 연결된 구간이 0건이다
  ✓ AF-004-03 (a′) 지우기 인자 없는 기존 호출 모양은 장소를 그대로 둔다
  ✓ AF-005-01 일괄 삭제 뒤 구간이 남지 않고 활동만 사라진다
  ✓ AF-012-01 낱개 deleteActivity(A1) → A1과 구간 둘이 모두 사라진다
  ✓ AF-012-02 일괄 deleteActivities([A2]) → A2와 그 구간이 모두 사라진다
  ✓ AF-012-03 E(연결 없음, 같은 제목)는 남는다
  ✓ AF-012-04 A3 낱개 삭제 → 같은 역할(.departure) 구간 둘이 모두 사라진다
  ✓ AF-012-05 삭제 뒤 events에 존재하지 않는 활동을 가리키는 linkedActivityId가 없다
  ✓ AF-018-01 활동 +30분 이동 → 두 구간의 도착·출발이 함께 +30분(초 단위까지 같은 변위)이다
  ✓ AF-018-02 오는 편 +15분 드래그 → 구간이 통째로 +15분, 활동은 그대로다
  ✓ AF-018-03 가는 편 +15분 드래그 → 도착 고정, 여유 20→5(clampBuffer), 활동 시작·구간 도착 그대로다
  ✓ AF-019-01 구 형식 JSON 리터럴이 ScheduledEvent로 디코딩돼 전 필드가 같다
  ✓ AF-019-02 구 형식 JSON 리터럴이 ActivityBlock로 디코딩돼 전 필드가 같다
  · AF-010-04 실패 분기 도달: 예 (가는편 travelSeconds=nil, 오는편 travelSeconds=nil)
  ✓ AF-010-04 힌트 없는 구간 — travelSeconds == nil이면 가는 편은 출발 없음(가), 오는 편은 출발 == 도착(나)이다
  ✓ AF-010-10-a 출발 기준 — 재추정 실패 시 travelSeconds == nil이고 출발·(옛) 도착이 그대로다(모양 다)
  ✓ AF-010-10-b 도착 기준 — 재추정 실패 시 departureDate == nil·travelSeconds == nil이고 도착이 그대로다(모양 가)
  ✓ AF-001-01 연결된 구간 → activity(forLeg:)가 그 활동을 돌려준다
  ✓ AF-001-02 매달린 링크(활동 id가 존재하지 않음) → nil
  ✓ AF-001-03 연결 없는 구간 → nil
  ✓ AF-002-01 가는 편 도착 == 활동 시작·anchor .arrival, 오는 편 출발 == 활동 끝·anchor .departure이다
  ✓ AF-002-02 두 구간 모두 linkedActivityId == 활동 id이고 갱신 뒤에도 같다
  ✓ AF-002-03 수단·여유를 고친 뒤에도 앵커 쪽 시각이 그대로다
  ✓ AF-002-04 오는 편 bufferMinutes == 0이다
  ✓ AF-002-05 활동 시작 +30분 → 두 구간이 함께 +30분이다
  ✓ AF-002-06 종료 +30분 → 오는 편 출발 == 새 종료 시각이다
  ✓ AF-002-07 23:50 출발 오는 편(힌트 30분)의 도착은 다음 날 00:20이고 overlapsDay로 이틀 모두 참이다
  ✓ AF-003-01 가는 편 destination == B, 오는 편 origin == B이다
  ✓ AF-003-02 가는 편 origin == X, 오는 편 destination == Y(바깥 끝점 그대로)이다
  ✓ AF-003-03 제목이 새 제목/새 제목 + " (복귀)"이고 시각이 유도 규칙 그대로이다
  ✓ AF-003-04 활동을 바꾸지 않고 저장한 뒤 두 구간 JSON 인코딩 바이트가 동일하다
  ✓ AF-003-05 힌트 준 호출은 travelSeconds == 힌트, 힌트 없는 호출은 플래그 참 ⇔ travelSeconds != nil이다
  ✓ AF-003-06 제목만 바꾼 힌트 없는 따라오기 뒤에도 두 구간의 travelSeconds가 그대로 1800이다(끝점 불변 → 저장값 재사용)
  ✓ AF-005-02 주입한 매달린 링크 구간 → activity(forLeg:)가 nil이다
  ✓ AF-007-01 연결된 오는 편이 정확히 하나이고 anchor .departure·linkedActivityId == 활동 id이다
  ✓ AF-007-02 제목이 활동 제목 + " (복귀)"이다
  ✓ AF-007-03 출발지 == 활동 장소이다
  ✓ AF-007-04 departureDate == 활동 endDate이다
  ✓ AF-007-05 bufferMinutes == 0이다
  ✓ AF-007-06 나중에 붙인 가는 편은 arrivalDate == startDate·anchor .arrival·여유가 실린다
  ✓ AF-007-07 addActivityWithTravel이 만든 두 구간과 addLeg가 만든 두 구간이 전 필드에서 같다(생성 경로 하나)
  ✓ AF-007-08 과거 출발(어제 활동)에도 구간이 만들어지고 refused·failed가 아니다
  ✓ AF-008-01 removeLeg(가는 편) → 가는 편만 사라진다(결과 removed)
  ✓ AF-008-02 활동·오는 편 레코드가 저장 전과 바이트 동일이다
  ✓ AF-008-03 따라오기를 포함한 무변경 저장 뒤 events·activities 인코딩이 저장 전과 바이트 동일이다
  ✓ AF-008-04 오는 편 수단만 바꾼 updateLeg → 그 구간 한 건만 바뀌고 활동은 바이트 동일이다
  ✓ AF-008-05 notificationId 있는 구간을 removeLeg하면 그 레코드가 사라진다
  ✓ AF-009-01 같은 역할 재추가 → 이벤트 수 불변·결과가 중복 거절이다
  ✓ AF-009-02 장소 없는 활동 → 거절·구간 없음이다
  · AF-009-03 경쟁 도달: 예 (yield 직후 구간 존재=false)
  ✓ AF-009-03 경쟁 — 활동 삭제 뒤 그 활동을 가리키는 구간이 events에 없다
  ✓ AF-009-04 세 거절 이유(중복·장소 없음·활동 없음)가 서로 다른 값이다
  ✓ AF-009-05 같은 역할 둘인 옛 데이터에 셋째 addLeg는 거절되고 legs(of:)는 첫째를 돌려준다
  ✓ AF-009-06 반복 회차 활동(명시적 연결 없음)의 addLeg는 거절되고 구간이 생기지 않는다
  ✓ AF-010-01 힌트 준 addLeg 결과의 travelKnown이 참이다
  ✓ AF-010-02 힌트 없는 addLeg·updateLeg·따라오기 — 플래그가 레코드와 일치한다(참 ⇔ travelSeconds != nil)
  ✓ AF-010-03 거절된 요청은 만들었다로 세지지 않는다 — 이벤트 수 대조
  ✓ AF-013-01 연결된 구간의 sameTitleSweep 집합에 연결된 구간이 하나도 없다(자신 포함)
  ✓ AF-013-02 연결 없는 점심의 집합 == 연결 없는 같은 제목 이벤트 전부이다
  ✓ AF-013-03 연결된 구간 deleteEvent → 그 구간만 사라지고 활동·다른 구간·연결 없는 이벤트는 그대로다
  ✓ AF-014-01 구간 둘 활동 → explicitLegCount 2이다
  ✓ AF-014-02 구간 없는 활동 → 0이다
  ✓ AF-014-03 반복 회차(추정 구간이 있어도) → 0이다
  ✓ AF-015-09 packingGroups == 정확히 {R 가는 편 → R, R 오는 편 → R}이다(키·값 쌍 집합 대조)
  ✓ AF-015-10 명시적 연결 활동(같은 역할 둘 포함)에서는 명시적 구간 전부를 반환한다
  ✓ AF-015-11 늦은 회차 L의 오는 편(도착이 다음 날)은 조회에 들지 않는다 — 알려진 약점의 고정
  ✓ AF-015-12 moveActivity(R, +30분) → 정확히 (9)가 돌려준 구간들이 +30분이다(L 오는편은 그대로)

AG. t17-b B1 — 구간 줄 문법 전이(SPEC-UIKIT-009 MB, REQ-007)
  ✓ AG-006-01 실제 장소를 고르면 토글 줄 둘이 end_iso 바로 뒤에 초기값 "false"로 선다
  ✓ AG-006-02 가는 편을 켜면 origin_query·outbound_mode·buffer_minutes가 토글 뒤에 서고 알림 줄 둘이 한 번만 선다. 오는 편을 켜면 return_query·return_mode. 이미 켠 토글을 다시 골라도 줄이 겹치지 않는다
  ✓ AG-006-03 껐다 켜면 수단·여유·이름·좌표가 되살아난다(좌표는 새 줄 신원에 걸린다)
  ✓ AG-006-04 문법이 만든 어떤 줄도 kind == .datetime이 아니다
  ✓ AG-006-05 장소를 지우면(좌표 없는 값) 아홉 키가 모두 빠진다

AG. t17-b B3 — 편집 카드 시드·저장 diff(SPEC-UIKIT-009 MB, REQ-007·011)
  ✓ AG-006-06 같은 입력 순서의 생성 카드와 편집 카드(구간 둘로 시드)의 줄 키 배열이 같다
  ✓ AG-011-01 반복 회차 활동(recurrenceId, 명시적 연결 없음)의 시드에는 구간 줄(토글 포함)이 하나도 없다 — 같은 반복·같은 날·같은 장소 이름의 미끼 이벤트가 있어도 그렇다
  ✓ AG-011-02 구간 둘(가는 편 도보·여유 20, 오는 편 자동차)의 시드: 두 토글 "true", 출발지·수단·여유·도착지·수단이 그 구간 값
  ✓ AG-011-03 알림이 서로 다른 두 구간: 시드는 가는 편 값(켬·10분)이고, 바꾸지 않은 저장의 diff 목록이 비어 있다
  ✓ AG-011-04 반복 회차 폼에서 장소를 고른 뒤에도 구간 줄(토글 포함)이 0개다

AH. t17-c C1 — 겹침 배치 특성화(SPEC-UIKIT-009 MC, REQ-015·016·017)
  ✓ AH-015-01 E1 옛 출력 — O 전폭 · A/U 반씩 · R 전폭(맞닿기는 무리를 끊는다)
  ✓ AH-015-02 E2(거울) 옛 출력 — O/U 반씩 · A·R 전폭
  ✓ AH-017-01 S1 두 블록 겹침 — 각자 열 0·1, 무리 열 수 2
  ✓ AH-017-02 S2 사슬(A–B·B–C 겹침, A–C 안 겹침) — 한 무리 2열에서 C가 A의 열을 재사용
  ✓ AH-017-03 S3 맞닿음(end == start) — 서로 다른 무리라 둘 다 전폭
  ✓ AH-017-04 S4 포함(B가 A 안) — 2열 무리, 포함된 쪽이 열 1
  ✓ AH-017-05 S5 시작·끝이 같은 둘 — 입력 순서를 뒤집어도 출력이 같다(2열, X가 열 0)
  ✓ AH-017-06 S6 네 열 무리 — 열 0~3, 무리 열 수 4
  ✓ AH-017-07 E5 묶음 없음 — P·Q 반씩, S는 맞닿아 전폭
  ✓ AH-015-03 E1 묶음 — O·A·R 모두 [0,.5], U [.5,1]
  ✓ AH-015-04 E1 — 묶음원 셋의 (칸,칸수)가 같다([lo,hi]가 전부 같은 값)
  ✓ AH-015-05 E2(거울) — O·A·R 모두 [0,.5], U [.5,1]
  ✓ AH-015-06 E6 같은 역할 둘 — O1 [0,.5]·O2 [.5,1]·A [0,1]
  ✓ AH-015-07 매달린 링크 구간은 조회에 키가 없고 낱개로 배치된다(S1 모양)
  ✓ AH-015-08 구성원이 하루에 하나뿐인 묶음은 낱개로 배치된다(S1 모양)
  ✓ AH-016-03 E1·E3b — 같은 시각에 겹치는 블록 쌍의 렌더 x 구간이 서로 겹치지 않는다
  ✓ AH-016-04 묶음 없는 입력(S1·S2·S6·E5)에서 새 칸 함수의 점 환산이 옛 공식과 같다(렌더=히트)
  ✓ AH-017-10 E3 안쪽 겹침 — A [0,.5]·R [.5,1](묶음 안에서 나란히)
  ✓ AH-017-11 E3b — A [0,.25]·R [.25,.5]·U [.5,1](문서화된 비용 — 묶음이 더 넓은 칸을 쓴다)
  ✓ AH-017-12 E4 틈 — O·A·R [0,.5], U [.5,1](틈이 묶음 안이라 무관 블록이 반폭)
  ✓ AH-017-13 E8 실패 블록(21분) — O [0,.5]·A [.5,1]
  ✓ AH-017-14 E7 자정 — 그날 A·R [0,.5]·U [.5,1], 다음 날 R 홀로 전폭
  ✓ AH-017-15 3열 무리 — 묶음원 O·A의 바깥 칸이 같다(둘 다 [1/3, 2/3])
  ✓ AH-017-16 E9 자정 재추정 실패 — D일 A·R [0,.5]·U [.5,1](경고가 앵커에 맞닿아 묶음이 좁다)
  ✓ AH-018-01 묶음 없는 S2(사슬) — 각 블록 중심점이 옛 알고리즘과 같은 블록을 가리킨다
  ✓ AH-018-02 묶음 없는 S6(네 열) — 각 블록 중심점이 옛 알고리즘과 같은 블록을 가리킨다
  ✓ AH-015-13 E1 시각의 반복 회차 — 추정 묶음 키로도 (1)과 같은 칸(O·A·R [0,.5], U [.5,1])
  ✓ AH-010-05 힌트로 만든 가는 편·오는 편과 계산된 대조군에서 미계산 판정이 거짓이다
  ✓ AH-010-06 모양 (가)와 anchor nil 옛 도착 모양에서 미계산 판정이 참이다(회귀선)
  ✓ AH-010-07 모양 (나)·(다)·(라)에서 미계산 판정이 참이다(REQ-023 수리)
  ✓ AH-010-08 그 시점 events 전부에서 departureDate == nil이면 미계산 판정이 참이다(옛 조건 포함)
  ✓ AH-010-11 앵커 시각 — (가)→arrivalDate · (나)→출발=도착 · (다)→departureDate(arrivalDate 아님) · (라)→arrivalDate · 옛 모양→arrivalDate · 대조군→nil
  ✓ AH-010-12 나열할 날 — 자정 (다): D 참·D+1 거짓 / 자정 (나): D 참·D+1 거짓 / 자정 (가): D 거짓·D+1 참 / (라): D 참·D±1 거짓 / 대조군: D·D+1 모두 참
  ✓ AH-010-13 (12)의 레코드를 홀로 넣었을 때 달력 점이 나열과 같은 날을 낸다(자정 (다) → {D} 하나)
  ✓ AH-009-01 같은 역할 addLeg가 겹쳐도(await 재검사) 같은 역할 구간은 정확히 하나다

AI. t42 — 다지점 채택 판정·접미 재시도 (2026-10-05 관측 ①②)
  ✓ AI-1: '스타벅스 강남점'에 강남 지점 셋이면 첫 결과를 확정하지 않고 물어본다
  ✗ AI-2: 만족 결과가 하나뿐이어도 확정하지 않고 묻는다
      resolved:스타벅스 케이스퀘어강남점
  ✓ AI-3: 중복 항목이 섞여도 여전히 물어본다(다른 지점이 남아 있다)
  ✓ AI-3: 후보에서 같은 지점 중복은 하나만 보인다
  ✗ AI-4: 역과 역 안 상점은 둘 다 후보로 묻는다
      resolved:홍대입구역
  ✗ AI-5: 이름을 통째로 말해도 묻는다
      resolved:휴먼시아7단지아파트
  ✓ AI-6: 재시도 목록에 홍대 지점이 여럿이면 여전히 물어본다
  ✓ AI-6: 후보 맨 앞은 재시도가 가져온 홍대 지점이다(원본 대학로점이 아니라)
  ✓ AI-6: 병합은 이름+좌표가 같은 중복을 하나로 줄인다
  ✓ AI-7: 결과가 비면 notFound다
  ✓ AI-8: '스타벅스 홍대점'→대학로점 단독은 여전히 물어본다(U-4 보존)
  ✓ AI-9: '스타벅스 홍대점'의 재시도 쿼리는 '스타벅스 홍대'다
  ✓ AI-10: '홍대역'의 재시도 쿼리는 '홍대'다
  ✓ AI-11: 벗길 접미어가 없으면 재시도하지 않는다('스타벅스 홍대')
  ✓ AI-12: 한 낱말 질의에도 같은 규칙이다('스타벅스' → 재시도 없음)
  ✓ AI-13: 출발지·목적지 줄이 한 카드에 함께 뜬다(① 기대 모양)
  ✓ AI-13: 두 줄 모두 후보가 얹혀 있고 편집기가 열려 있다
  ✓ AI-13: 답장 문구가 두 질의를 모두 언급한다
  ✗ AI-14: 정확 일치 단일 결과도 묻는다
      resolved:휴먼시아7단지아파트
  ✗ AI-15: 같은 이름 다른 좌표는 둘 다 후보로 남는다
      unclear:스타벅스 홍대입구역점,스타벅스 홍대가좌점
  ✗ AI-16: 후보 순서는 제공자 순서 그대로다
      unclear:스타벅스 홍대입구역점,스타벅스 대학로점
  ✓ AI-17: 서로 다른 7건이면 후보 5건 상한을 유지한다
  ✗ AI-18 (a): 줄 키 new_place_query·이름 '바꿀 장소'·후보 2·열림·'아직 고치지' 문구
      key=destination_query label=목적지 loaded=true msg=아직 등록하지 않았어요 — '스타벅스 강남점'의 검색 결과가 사용자가 말한 지점으로 좁혀지지 않아요(이름이 다른 곳이나 같은 이름의 여러 지점으로 보여요). 앱이 후보를 고르는 카드를 열었으니 사용자가 고르면 그 값으로 자동 진행돼요. 인자를 바꿔 다시 호출하지 말고 기다려.
  ✗ AI-18 (b): 수정 카드에 '고칠 일정' 맥락 줄이 뜬다
      stated=[]
  ✗ AI-18 (c): 둘째 후보로 확인하면 대상 일정 목적지만 그 장소로 바뀐다
      dest=옛 목적지 other=다른 목적지
  ✓ AI-18 (d): 확인 뒤 열린 카드가 없다
  ✗ AI-19 (a): 점심 보류 카드의 줄은 키 lunch_place_query·이름 '점심 장소' 하나뿐이다
      fields=["destination_query(목적지)"]
  ✗ AI-19 (b): 확인 뒤 점심 이동 도착지가 고른 장소고 구간·활동 수는 한 번 만든 수와 같다
      lunchLegs=0 events=8/16 activities=8/8
  ✓ AI-20: 같은 이름 두 줄에서 각자 고른 좌표가 출발·도착에 각각 실린다
  ✗ AI-21 (a): 조회 카드의 두 줄이 출발지·목적지 키와 이름으로 뜨고 '아직 조회하지' 문구가 두 질의를 담는다
      fields=["origin_query(출발지)", "destination_query(목적지)"] msg=아직 등록하지 않았어요 — '스타벅스 강남점', '스타벅스 홍대점'의 검색 결과가 사용자가 말한 지점으로 좁혀지지 않아요(이름이 다른 곳이나 같은 이름의 여러 지점으로 보여요). 앱이 후보를 고르는 카드를 열었으니 사용자가 고르면 그 값으로 자동 진행돼요. 인자를 바꿔 다시 호출하지 말고 기다려.
  ✓ AI-21 (b): 두 줄에서 고르고 확인하면 '<출발지>' → '<목적지>'로 답하고 레코드·카드는 그대로다
  ✗ AI-22 (a): 식사 추천 카드의 줄은 키 place_query·이름 '기준 장소'·후보 2·'현재 위치' 칩 없음·'아직 조회하지' 문구
      key=place_query label=활동 장소 loaded=true msg=아직 등록하지 않았어요 — '강남역'의 검색 결과가 사용자가 말한 지점으로 좁혀지지 않아요(이름이 다른 곳이나 같은 이름의 여러 지점으로 보여요). 앱이 후보를 고르는 카드를 열었으니 사용자가 고르면 그 값으로 자동 진행돼요. 인자를 바꿔 다시 호출하지 말고 기다려.
  ✓ AI-22 (b): 후보를 골라 확인하면 '<고른 후보 이름>' 주변으로 답하고 레코드·카드는 그대로다
  ✓ 불변식: AI절 뒤에도 캘린더 푸시는 꺼져 있고 프록시 설정은 비어 있다
  ✓ 불변식: AI절 뒤에도 구글 캘린더 게이트는 닫혀 있다
  ✓ 불변식: AI절 뒤에도 googleEventId를 가진 레코드가 없다
  ✓ 불변식: 전체 실행 뒤에도 캘린더 푸시는 꺼져 있고 프록시 설정은 비어 있다
  ✓ 불변식: 전체 실행 뒤에도 구글 캘린더 게이트는 닫혀 있다
  ✓ 불변식: 전체 실행 뒤에도 googleEventId를 가진 레코드가 없다

494/507 통과
[실제 데이터] 대조 통과 — 시작 3개, 끝 3개의 이름·바이트가 같다
